     1                                  ;haribote os
     2                                  
     3                                  CYLS    EQU 0xff0
     4                                  LEDS    EQU 0xff1
     5                                  VMODE   EQU 0xff2
     6                                  SCRNX   EQU 0xff4
     7                                  SCRNY   EQU 0xff6
     8                                  VRAM    EQU 0xff8
     9                                  
    10                                          ORG 0xc200
    11                                  
    12 00000000 B013                            MOV AL,0x13
    13 00000002 B400                            MOV AH,0x00
    14 00000004 CD10                            INT 0x10
    15 00000006 C606F20F08                      MOV BYTE [VMODE],8
    16 0000000B C706F40F4001                    MOV WORD [SCRNX],320
    17 00000011 C706F60FC800                    MOV WORD [SCRNY],200
    18 00000017 66C706F80F00000A00              MOV DWORD [VRAM],0x000a0000
    19                                  
    20 00000020 B402                            MOV AH,0x02
    21 00000022 CD16                            INT 0x16
    22 00000024 A2F10F                          MOV [LEDS],AL
    23                                  
    24                                  fin:
    25 00000027 F4                          HLT
    26 00000028 EBFD                        JMP fin
